0 verbose cli /data/data/com.termux/files/usr/bin/node /data/data/com.termux/files/usr/bin/npm
1 info using npm@11.13.0
2 info using node@v25.8.2
3 silly config load:file:/data/data/com.termux/files/usr/lib/node_modules/npm/npmrc
4 silly config load:file:/data/data/com.termux/files/home/MyTradingBot/.npmrc
5 silly config load:file:/data/data/com.termux/files/home/.npmrc
6 silly config load:file:/data/data/com.termux/files/usr/etc/npmrc
7 verbose title npm install @capacitor/core @capacitor/cli @capacitor/android
8 verbose argv "install" "@capacitor/core" "@capacitor/cli" "@capacitor/android"
9 verbose logfile logs-max:10 dir:/data/data/com.termux/files/home/.npm/_logs/2026-05-04T08_06_02_406Z-
10 verbose logfile /data/data/com.termux/files/home/.npm/_logs/2026-05-04T08_06_02_406Z-debug-0.log
11 silly logfile start cleaning logs, removing 1 files
12 silly logfile done cleaning log files
13 silly packumentCache heap:1086849024 maxSize:271712256 maxEntrySize:135856128
14 silly idealTree buildDeps
15 silly fetch manifest @capacitor/android@^8.3.1
16 silly packumentCache full:https://registry.npmjs.org/@capacitor%2fandroid cache-miss
17 http fetch GET 200 https://registry.npmjs.org/@capacitor%2fandroid 1593ms (cache revalidated)
18 silly packumentCache full:https://registry.npmjs.org/@capacitor%2fandroid set size:3030413 disposed:false
19 silly fetch manifest @capacitor/core@^8.3.1
20 silly packumentCache full:https://registry.npmjs.org/@capacitor%2fcore cache-miss
21 http fetch GET 200 https://registry.npmjs.org/@capacitor%2fcore 273ms (cache revalidated)
22 silly packumentCache full:https://registry.npmjs.org/@capacitor%2fcore set size:4350372 disposed:false
23 silly fetch manifest @capacitor/cli@^8.3.1
24 silly packumentCache full:https://registry.npmjs.org/@capacitor%2fcli cache-miss
25 http fetch GET 200 https://registry.npmjs.org/@capacitor%2fcli 243ms (cache revalidated)
26 silly packumentCache full:https://registry.npmjs.org/@capacitor%2fcli set size:4706640 disposed:false
27 silly placeDep ROOT @capacitor/android@8.3.1 REPLACE for: mytradingbot@0.0.0 want: ^8.3.1
28 silly placeDep ROOT @capacitor/cli@8.3.1 REPLACE for: mytradingbot@0.0.0 want: ^8.3.1
29 silly placeDep ROOT @capacitor/core@8.3.1 REPLACE for: mytradingbot@0.0.0 want: ^8.3.1
30 silly reify moves {}
31 silly audit bulk request {
31 silly audit   '@emnapi/core': [ '1.10.0' ],
31 silly audit   '@emnapi/runtime': [ '1.10.0' ],
31 silly audit   '@emnapi/wasi-threads': [ '1.2.1' ],
31 silly audit   '@ionic/cli-framework-output': [ '2.2.8' ],
31 silly audit   '@ionic/utils-array': [ '2.1.6' ],
31 silly audit   '@ionic/utils-fs': [ '3.1.7' ],
31 silly audit   'fs-extra': [ '9.1.0', '11.3.4' ],
31 silly audit   '@ionic/utils-object': [ '2.1.6' ],
31 silly audit   '@ionic/utils-process': [ '2.1.12' ],
31 silly audit   '@ionic/utils-stream': [ '3.1.7' ],
31 silly audit   '@ionic/utils-subprocess': [ '3.0.1' ],
31 silly audit   '@ionic/utils-terminal': [ '2.3.5' ],
31 silly audit   '@isaacs/fs-minipass': [ '4.0.1' ],
31 silly audit   '@napi-rs/wasm-runtime': [ '1.1.4' ],
31 silly audit   '@oxc-project/types': [ '0.127.0' ],
31 silly audit   '@rolldown/binding-android-arm64': [ '1.0.0-rc.17' ],
31 silly audit   '@rolldown/binding-darwin-arm64': [ '1.0.0-rc.17' ],
31 silly audit   '@rolldown/binding-darwin-x64': [ '1.0.0-rc.17' ],
31 silly audit   '@rolldown/binding-freebsd-x64': [ '1.0.0-rc.17' ],
31 silly audit   '@rolldown/binding-linux-arm-gnueabihf': [ '1.0.0-rc.17' ],
31 silly audit   '@rolldown/binding-linux-arm64-gnu': [ '1.0.0-rc.17' ],
31 silly audit   '@rolldown/binding-linux-arm64-musl': [ '1.0.0-rc.17' ],
31 silly audit   '@rolldown/binding-linux-ppc64-gnu': [ '1.0.0-rc.17' ],
31 silly audit   '@rolldown/binding-linux-s390x-gnu': [ '1.0.0-rc.17' ],
31 silly audit   '@rolldown/binding-linux-x64-gnu': [ '1.0.0-rc.17' ],
31 silly audit   '@rolldown/binding-linux-x64-musl': [ '1.0.0-rc.17' ],
31 silly audit   '@rolldown/binding-openharmony-arm64': [ '1.0.0-rc.17' ],
31 silly audit   '@rolldown/binding-wasm32-wasi': [ '1.0.0-rc.17' ],
31 silly audit   '@rolldown/binding-win32-arm64-msvc': [ '1.0.0-rc.17' ],
31 silly audit   '@rolldown/binding-win32-x64-msvc': [ '1.0.0-rc.17' ],
31 silly audit   '@rolldown/pluginutils': [ '1.0.0-rc.17' ],
31 silly audit   '@tybys/wasm-util': [ '0.10.2' ],
31 silly audit   '@types/fs-extra': [ '8.1.5' ],
31 silly audit   '@types/node': [ '25.6.0' ],
31 silly audit   '@types/slice-ansi': [ '4.0.0' ],
31 silly audit   '@xmldom/xmldom': [ '0.9.10' ],
31 silly audit   'ansi-regex': [ '5.0.1' ],
31 silly audit   'ansi-styles': [ '4.3.0' ],
31 silly audit   'astral-regex': [ '2.0.0' ],
31 silly audit   'at-least-node': [ '1.0.0' ],
31 silly audit   'balanced-match': [ '4.0.4' ],
31 silly audit   'base64-js': [ '1.5.1' ],
31 silly audit   'big-integer': [ '1.6.52' ],
31 silly audit   'bplist-parser': [ '0.3.2' ],
31 silly audit   'brace-expansion': [ '5.0.5' ],
31 silly audit   'buffer-crc32': [ '0.2.13' ],
31 silly audit   chownr: [ '3.0.0' ],
31 silly audit   'color-convert': [ '2.0.1' ],
31 silly audit   'color-name': [ '1.1.4' ],
31 silly audit   commander: [ '12.1.0' ],
31 silly audit   'cross-spawn': [ '7.0.6' ],
31 silly audit   debug: [ '4.4.3' ],
31 silly audit   'define-lazy-prop': [ '2.0.0' ],
31 silly audit   'detect-libc': [ '2.1.2' ],
31 silly audit   elementtree: [ '0.1.7' ],
31 silly audit   'emoji-regex': [ '8.0.0' ],
31 silly audit   'env-paths': [ '2.2.1' ],
31 silly audit   'fd-slicer': [ '1.1.0' ],
31 silly audit   fdir: [ '6.5.0' ],
31 silly audit   fsevents: [ '2.3.3' ],
31 silly audit   glob: [ '13.0.6' ],
31 silly audit   'graceful-fs': [ '4.2.11' ],
31 silly audit   inherits: [ '2.0.4' ],
31 silly audit   ini: [ '4.1.3' ],
31 silly audit   'is-docker': [ '2.2.1' ],
31 silly audit   'is-fullwidth-code-point': [ '3.0.0' ],
31 silly audit   'is-wsl': [ '2.2.0' ],
31 silly audit   isexe: [ '2.0.0' ],
31 silly audit   jsonfile: [ '6.2.1' ],
31 silly audit   kleur: [ '4.1.5', '3.0.3' ],
31 silly audit   lightningcss: [ '1.32.0' ],
31 silly audit   'lightningcss-android-arm64': [ '1.32.0' ],
31 silly audit   'lightningcss-darwin-arm64': [ '1.32.0' ],
31 silly audit   'lightningcss-darwin-x64': [ '1.32.0' ],
31 silly audit   'lightningcss-freebsd-x64': [ '1.32.0' ],
31 silly audit   'lightningcss-linux-arm-gnueabihf': [ '1.32.0' ],
31 silly audit   'lightningcss-linux-arm64-gnu': [ '1.32.0' ],
31 silly audit   'lightningcss-linux-arm64-musl': [ '1.32.0' ],
31 silly audit   'lightningcss-linux-x64-gnu': [ '1.32.0' ],
31 silly audit   'lightningcss-linux-x64-musl': [ '1.32.0' ],
31 silly audit   'lightningcss-win32-arm64-msvc': [ '1.32.0' ],
31 silly audit   'lightningcss-win32-x64-msvc': [ '1.32.0' ],
31 silly audit   'lru-cache': [ '11.3.5' ],
31 silly audit   minimatch: [ '10.2.5' ],
31 silly audit   minipass: [ '7.1.3' ],
31 silly audit   minizlib: [ '3.1.0' ],
31 silly audit   ms: [ '2.1.3' ],
31 silly audit   nanoid: [ '3.3.12' ],
31 silly audit   'native-run': [ '2.0.3' ],
31 silly audit   open: [ '8.4.2' ],
31 silly audit   'package-json-from-dist': [ '1.0.1' ],
31 silly audit   'path-key': [ '3.1.1' ],
31 silly audit   'path-scurry': [ '2.0.2' ],
31 silly audit   pend: [ '1.2.0' ],
31 silly audit   picocolors: [ '1.1.1' ],
31 silly audit   picomatch: [ '4.0.4' ],
31 silly audit   plist: [ '3.1.1' ],
31 silly audit   postcss: [ '8.5.13' ],
31 silly audit   prompts: [ '2.4.2' ],
31 silly audit   'readable-stream': [ '3.6.2' ],
31 silly audit   rimraf: [ '6.1.3' ],
31 silly audit   rolldown: [ '1.0.0-rc.17' ],
31 silly audit   'safe-buffer': [ '5.2.1' ],
31 silly audit   sax: [ '1.1.4' ],
31 silly audit   semver: [ '7.7.4' ],
31 silly audit   'shebang-command': [ '2.0.0' ],
31 silly audit   'shebang-regex': [ '3.0.0' ],
31 silly audit   'signal-exit': [ '3.0.7' ],
31 silly audit   sisteransi: [ '1.0.5' ],
31 silly audit   'slice-ansi': [ '4.0.0' ],
31 silly audit   'source-map-js': [ '1.2.1' ],
31 silly audit   split2: [ '4.2.0' ],
31 silly audit   string_decoder: [ '1.3.0' ],
31 silly audit   'string-width': [ '4.2.3' ],
31 silly audit   'strip-ansi': [ '6.0.1' ],
31 silly audit   tar: [ '7.5.13' ],
31 silly audit   through2: [ '4.0.2' ],
31 silly audit   tinyglobby: [ '0.2.16' ],
31 silly audit   'tree-kill': [ '1.2.2' ],
31 silly audit   tslib: [ '2.8.1' ],
31 silly audit   typescript: [ '6.0.3' ],
31 silly audit   'undici-types': [ '7.19.2' ],
31 silly audit   universalify: [ '2.0.1' ],
31 silly audit   untildify: [ '4.0.0' ],
31 silly audit   'util-deprecate': [ '1.0.2' ],
31 silly audit   vite: [ '8.0.10' ],
31 silly audit   which: [ '2.0.2' ],
31 silly audit   'wrap-ansi': [ '7.0.0' ],
31 silly audit   xml2js: [ '0.6.2' ],
31 silly audit   xmlbuilder: [ '11.0.1', '15.1.1' ],
31 silly audit   yallist: [ '5.0.0' ],
31 silly audit   yauzl: [ '2.10.0' ],
31 silly audit   '@capacitor/android': [ '8.3.1' ],
31 silly audit   '@capacitor/cli': [ '8.3.1' ],
31 silly audit   '@capacitor/core': [ '8.3.1' ]
31 silly audit }
32 http fetch POST 200 https://registry.npmjs.org/-/npm/v1/security/advisories/bulk 297ms
33 silly audit report {}
34 verbose cwd /data/data/com.termux/files/home/MyTradingBot/android
35 verbose os Linux 5.15.149-android13-8-00008-gbe074b05e5af-ab12096863
36 verbose node v25.8.2
37 verbose npm  v11.13.0
38 verbose exit 0
39 info ok
